// Vitest Snapshot v1, https://vitest.dev/guide/snapshot.html

exports[`HelloWorld component > Renders correct HelloWorld 1`] = `
<div>
  <section
    id="hello-world"
  >
    <h2>
      Hello World
    </h2>
    <h3>
      testing
    </h3>
  </section>
</div>
`;
